-- Tests for parsing of WAL history file
CREATE TABLE history_data (data text);
-- Load history file that succeeds
INSERT INTO history_data VALUES (
'# Ignore this comment
1       0/09D4F390      no recovery target specified
2       0/117BEB70      no recovery target specified
3       0/187BEB38      no recovery target specified
# Other this comment and empty line

4       0/188BEB38      no recovery target specified
5       0/189BEB38      no recovery target specified
7       0/249BEB38      no recovery target specified
');
SELECT archive_parse_history(data) FROM history_data;
   archive_parse_history   
---------------------------
 (1,,0/09D4F390)
 (2,0/09D4F390,0/117BEB70)
 (3,0/117BEB70,0/187BEB38)
 (4,0/187BEB38,0/188BEB38)
 (5,0/188BEB38,0/189BEB38)
 (7,0/189BEB38,0/249BEB38)
(6 rows)

-- Sanity checks with some failures
-- Timeline number is not an integer.
TRUNCATE history_data;
INSERT INTO history_data VALUES ('not_integer_tli 0/249BEB38 string');
SELECT archive_parse_history(data) FROM history_data;
ERROR:  syntax error in history file: not_integer_tli 0/249BEB38 string
HINT:  Expected a numeric timeline ID.
-- Not three fields
TRUNCATE history_data;
INSERT INTO history_data VALUES ('1 not_lsn');
SELECT archive_parse_history(data) FROM history_data;
ERROR:  syntax error in history file: 1 not_lsn
HINT:  Expected a write-ahead log switchpoint location.
-- Timelines need to be increasing
TRUNCATE history_data;
INSERT INTO history_data VALUES (
'2       0/117BEB70      no recovery target specified
1       0/09D4F390      no recovery target specified
');
SELECT archive_parse_history(data) FROM history_data;
ERROR:  invalid data in history file: 1       0/09D4F390      no recovery target specified
HINT:  Timeline IDs must be in increasing sequence.
DROP TABLE history_data;
