CREATE EXTENSION hint_parser;
-- Hint in comments
select hint_parser('/*+h1(h2)*/');
WARNING:  Hint found: name h1 contents h2
 hint_parser 
-------------
 
(1 row)

select hint_parser('/*+h1(h2) */');
WARNING:  Hint found: name h1 contents h2
 hint_parser 
-------------
 
(1 row)

select hint_parser('/*+h1(h2) */');
WARNING:  Hint found: name h1 contents h2
 hint_parser 
-------------
 
(1 row)

select hint_parser('/*+ h1(h2) h3(h4) */');
WARNING:  Hint found: name h1 contents h2
WARNING:  Hint found: name h3 contents h4
 hint_parser 
-------------
 
(1 row)

select hint_parser('/*+ h1(h2) h3(h4) */ /*+ h5(h2) h3(h4) */ /*+ h1(h2) h3(h4) */ ');
WARNING:  Hint found: name h1 contents h2
WARNING:  Hint found: name h3 contents h4
WARNING:  Hint found: name h5 contents h2
WARNING:  Hint found: name h3 contents h4
WARNING:  Hint found: name h1 contents h2
WARNING:  Hint found: name h3 contents h4
 hint_parser 
-------------
 
(1 row)

